// Vitest Snapshot v1, https://vitest.dev/guide/snapshot.html

exports[`itemCategories > renders the correct number of categories and handles click 1`] = `
{
  "asFragment": [Function],
  "baseElement": <body>
    <div>
      <form
        class="css-rug5du"
      >
        <h3>
          Direct Item Tracking
        </h3>
        <fieldset
          class="narrow"
          role="group"
        >
          <legend>
            Character Talent
          </legend>
          <label
            aria-disabled="false"
            class="css-4wqkks"
            data-testid="ItemPicker104301"
            title="Teachings of Freedom"
          >
            <input
              name="item"
              type="radio"
              value="TALENT.104301"
            />
            <div
              style="background-image: url("/src/images/bg/background_Item_2_Star.png");"
            >
              <img
                alt="Teachings of Freedom"
                data-testid="image"
                height="75"
                src="https://gi.yatta.moe/assets/UI/UI_ItemIcon_104301.png"
                width="75"
              />
            </div>
            <span>
              Teachings of Freedom
            </span>
          </label>
          <label
            aria-disabled="false"
            class="css-4wqkks"
            data-testid="ItemPicker104302"
            title="Guide to Freedom"
          >
            <input
              name="item"
              type="radio"
              value="TALENT.104302"
            />
            <div
              style="background-image: url("/src/images/bg/background_Item_3_Star.png");"
            >
              <img
                alt="Guide to Freedom"
                data-testid="image"
                height="75"
                src="https://gi.yatta.moe/assets/UI/UI_ItemIcon_104302.png"
                width="75"
              />
            </div>
            <span>
              Guide to Freedom
            </span>
          </label>
          <label
            aria-disabled="false"
            class="css-4wqkks"
            data-testid="ItemPicker104303"
            title="Philosophies of Freedom"
          >
            <input
              name="item"
              type="radio"
              value="TALENT.104303"
            />
            <div
              style="background-image: url("/src/images/bg/background_Item_4_Star.png");"
            >
              <img
                alt="Philosophies of Freedom"
                data-testid="image"
                height="75"
                src="https://gi.yatta.moe/assets/UI/UI_ItemIcon_104303.png"
                width="75"
              />
            </div>
            <span>
              Philosophies of Freedom
            </span>
          </label>
          <label
            aria-disabled="false"
            class="css-4wqkks"
            data-testid="ItemPicker104344"
            title="Teachings of Order"
          >
            <input
              name="item"
              type="radio"
              value="TALENT.104344"
            />
            <div
              style="background-image: url("/src/images/bg/background_Item_2_Star.png");"
            >
              <img
                alt="Teachings of Order"
                data-testid="image"
                height="75"
                src="https://gi.yatta.moe/assets/UI/UI_ItemIcon_104344.png"
                width="75"
              />
            </div>
            <span>
              Teachings of Order
            </span>
          </label>
          <label
            aria-disabled="false"
            class="css-4wqkks"
            data-testid="ItemPicker104345"
            title="Guide to Order"
          >
            <input
              name="item"
              type="radio"
              value="TALENT.104345"
            />
            <div
              style="background-image: url("/src/images/bg/background_Item_3_Star.png");"
            >
              <img
                alt="Guide to Order"
                data-testid="image"
                height="75"
                src="https://gi.yatta.moe/assets/UI/UI_ItemIcon_104345.png"
                width="75"
              />
            </div>
            <span>
              Guide to Order
            </span>
          </label>
          <label
            aria-disabled="false"
            class="css-4wqkks"
            data-testid="ItemPicker104346"
            title="Philosophies of Order"
          >
            <input
              name="item"
              type="radio"
              value="TALENT.104346"
            />
            <div
              style="background-image: url("/src/images/bg/background_Item_4_Star.png");"
            >
              <img
                alt="Philosophies of Order"
                data-testid="image"
                height="75"
                src="https://gi.yatta.moe/assets/UI/UI_ItemIcon_104346.png"
                width="75"
              />
            </div>
            <span>
              Philosophies of Order
            </span>
          </label>
          <label />
          <label />
          <label />
          <label />
        </fieldset>
        <fieldset
          class="narrow"
          role="group"
        >
          <legend>
            Weapon Ascension
          </legend>
          <label
            aria-disabled="false"
            class="css-4wqkks"
            data-testid="ItemPicker114001"
            title="Tile of Decarabian's Tower"
          >
            <input
              name="item"
              type="radio"
              value="WEAPON.114001"
            />
            <div
              style="background-image: url("/src/images/bg/background_Item_2_Star.png");"
            >
              <img
                alt="Tile of Decarabian's Tower"
                data-testid="image"
                height="75"
                src="https://gi.yatta.moe/assets/UI/UI_ItemIcon_114001.png"
                width="75"
              />
            </div>
            <span>
              Tile of Decarabian's Tower
            </span>
          </label>
          <label
            aria-disabled="false"
            class="css-4wqkks"
            data-testid="ItemPicker114002"
            title="Debris of Decarabian's City"
          >
            <input
              name="item"
              type="radio"
              value="WEAPON.114002"
            />
            <div
              style="background-image: url("/src/images/bg/background_Item_3_Star.png");"
            >
              <img
                alt="Debris of Decarabian's City"
                data-testid="image"
                height="75"
                src="https://gi.yatta.moe/assets/UI/UI_ItemIcon_114002.png"
                width="75"
              />
            </div>
            <span>
              Debris of Decarabian's City
            </span>
          </label>
          <label
            aria-disabled="false"
            class="css-4wqkks"
            data-testid="ItemPicker114003"
            title="Fragment of Decarabian's Epic"
          >
            <input
              name="item"
              type="radio"
              value="WEAPON.114003"
            />
            <div
              style="background-image: url("/src/images/bg/background_Item_4_Star.png");"
            >
              <img
                alt="Fragment of Decarabian's Epic"
                data-testid="image"
                height="75"
                src="https://gi.yatta.moe/assets/UI/UI_ItemIcon_114003.png"
                width="75"
              />
            </div>
            <span>
              Fragment of Decarabian's Epic
            </span>
          </label>
          <label
            aria-disabled="false"
            class="css-4wqkks"
            data-testid="ItemPicker114004"
            title="Scattered Piece of Decarabian's Dream"
          >
            <input
              name="item"
              type="radio"
              value="WEAPON.114004"
            />
            <div
              style="background-image: url("/src/images/bg/background_Item_5_Star.png");"
            >
              <img
                alt="Scattered Piece of Decarabian's Dream"
                data-testid="image"
                height="75"
                src="https://gi.yatta.moe/assets/UI/UI_ItemIcon_114004.png"
                width="75"
              />
            </div>
            <span>
              Scattered Piece of Decarabian's Dream
            </span>
          </label>
          <label
            aria-disabled="false"
            class="css-4wqkks"
            data-testid="ItemPicker114057"
            title="Broken Goblet of the Pristine Sea"
          >
            <input
              name="item"
              type="radio"
              value="WEAPON.114057"
            />
            <div
              style="background-image: url("/src/images/bg/background_Item_2_Star.png");"
            >
              <img
                alt="Broken Goblet of the Pristine Sea"
                data-testid="image"
                height="75"
                src="https://gi.yatta.moe/assets/UI/UI_ItemIcon_114057.png"
                width="75"
              />
            </div>
            <span>
              Broken Goblet of the Pristine Sea
            </span>
          </label>
          <label
            aria-disabled="false"
            class="css-4wqkks"
            data-testid="ItemPicker114058"
            title="Wine Goblet of the Pristine Sea"
          >
            <input
              name="item"
              type="radio"
              value="WEAPON.114058"
            />
            <div
              style="background-image: url("/src/images/bg/background_Item_3_Star.png");"
            >
              <img
                alt="Wine Goblet of the Pristine Sea"
                data-testid="image"
                height="75"
                src="https://gi.yatta.moe/assets/UI/UI_ItemIcon_114058.png"
                width="75"
              />
            </div>
            <span>
              Wine Goblet of the Pristine Sea
            </span>
          </label>
          <label
            aria-disabled="false"
            class="css-4wqkks"
            data-testid="ItemPicker114059"
            title="Silver Goblet of the Pristine Sea"
          >
            <input
              name="item"
              type="radio"
              value="WEAPON.114059"
            />
            <div
              style="background-image: url("/src/images/bg/background_Item_4_Star.png");"
            >
              <img
                alt="Silver Goblet of the Pristine Sea"
                data-testid="image"
                height="75"
                src="https://gi.yatta.moe/assets/UI/UI_ItemIcon_114059.png"
                width="75"
              />
            </div>
            <span>
              Silver Goblet of the Pristine Sea
            </span>
          </label>
          <label
            aria-disabled="false"
            class="css-4wqkks"
            data-testid="ItemPicker114060"
            title="Golden Goblet of the Pristine Sea"
          >
            <input
              name="item"
              type="radio"
              value="WEAPON.114060"
            />
            <div
              style="background-image: url("/src/images/bg/background_Item_5_Star.png");"
            >
              <img
                alt="Golden Goblet of the Pristine Sea"
                data-testid="image"
                height="75"
                src="https://gi.yatta.moe/assets/UI/UI_ItemIcon_114060.png"
                width="75"
              />
            </div>
            <span>
              Golden Goblet of the Pristine Sea
            </span>
          </label>
          <label />
          <label />
          <label />
          <label />
        </fieldset>
        <fieldset
          role="group"
        >
          <legend>
            Character and Weapon Enhancement
          </legend>
          <label
            aria-disabled="false"
            class="css-4wqkks"
            data-testid="ItemPicker112002"
            title="Slime Condensate"
          >
            <input
              name="item"
              type="radio"
              value="ENHANCEMENT.112002"
            />
            <div
              style="background-image: url("/src/images/bg/background_Item_1_Star.png");"
            >
              <img
                alt="Slime Condensate"
                data-testid="image"
                height="75"
                src="https://gi.yatta.moe/assets/UI/UI_ItemIcon_112002.png"
                width="75"
              />
            </div>
            <span>
              Slime Condensate
            </span>
          </label>
          <label
            aria-disabled="false"
            class="css-4wqkks"
            data-testid="ItemPicker112003"
            title="Slime Secretions"
          >
            <input
              name="item"
              type="radio"
              value="ENHANCEMENT.112003"
            />
            <div
              style="background-image: url("/src/images/bg/background_Item_2_Star.png");"
            >
              <img
                alt="Slime Secretions"
                data-testid="image"
                height="75"
                src="https://gi.yatta.moe/assets/UI/UI_ItemIcon_112003.png"
                width="75"
              />
            </div>
            <span>
              Slime Secretions
            </span>
          </label>
          <label
            aria-disabled="false"
            class="css-4wqkks"
            data-testid="ItemPicker112004"
            title="Slime Concentrate"
          >
            <input
              name="item"
              type="radio"
              value="ENHANCEMENT.112004"
            />
            <div
              style="background-image: url("/src/images/bg/background_Item_3_Star.png");"
            >
              <img
                alt="Slime Concentrate"
                data-testid="image"
                height="75"
                src="https://gi.yatta.moe/assets/UI/UI_ItemIcon_112004.png"
                width="75"
              />
            </div>
            <span>
              Slime Concentrate
            </span>
          </label>
          <label
            aria-disabled="false"
            class="css-4wqkks"
            data-testid="ItemPicker112092"
            title="Old Operative's Pocket Watch"
          >
            <input
              name="item"
              type="radio"
              value="ENHANCEMENT.112092"
            />
            <div
              style="background-image: url("/src/images/bg/background_Item_2_Star.png");"
            >
              <img
                alt="Old Operative's Pocket Watch"
                data-testid="image"
                height="75"
                src="https://gi.yatta.moe/assets/UI/UI_ItemIcon_112092.png"
                width="75"
              />
            </div>
            <span>
              Old Operative's Pocket Watch
            </span>
          </label>
          <label
            aria-disabled="false"
            class="css-4wqkks"
            data-testid="ItemPicker112093"
            title="Operative's Standard Pocket Watch"
          >
            <input
              name="item"
              type="radio"
              value="ENHANCEMENT.112093"
            />
            <div
              style="background-image: url("/src/images/bg/background_Item_3_Star.png");"
            >
              <img
                alt="Operative's Standard Pocket Watch"
                data-testid="image"
                height="75"
                src="https://gi.yatta.moe/assets/UI/UI_ItemIcon_112093.png"
                width="75"
              />
            </div>
            <span>
              Operative's Standard Pocket Watch
            </span>
          </label>
          <label
            aria-disabled="false"
            class="css-4wqkks"
            data-testid="ItemPicker112094"
            title="Operative's Constancy"
          >
            <input
              name="item"
              type="radio"
              value="ENHANCEMENT.112094"
            />
            <div
              style="background-image: url("/src/images/bg/background_Item_4_Star.png");"
            >
              <img
                alt="Operative's Constancy"
                data-testid="image"
                height="75"
                src="https://gi.yatta.moe/assets/UI/UI_ItemIcon_112094.png"
                width="75"
              />
            </div>
            <span>
              Operative's Constancy
            </span>
          </label>
          <label />
          <label />
          <label />
          <label />
        </fieldset>
        <fieldset
          role="group"
        >
          <legend>
            Character Ascension
          </legend>
          <label
            aria-disabled="false"
            class="css-4wqkks"
            data-testid="ItemPicker104101"
            title="Brilliant Diamond Sliver"
          >
            <input
              name="item"
              type="radio"
              value="ASCENSION.104101"
            />
            <div
              style="background-image: url("/src/images/bg/background_Item_2_Star.png");"
            >
              <img
                alt="Brilliant Diamond Sliver"
                data-testid="image"
                height="75"
                src="https://gi.yatta.moe/assets/UI/UI_ItemIcon_104101.png"
                width="75"
              />
            </div>
            <span>
              Brilliant Diamond Sliver
            </span>
          </label>
          <label
            aria-disabled="false"
            class="css-4wqkks"
            data-testid="ItemPicker104102"
            title="Brilliant Diamond Fragment"
          >
            <input
              name="item"
              type="radio"
              value="ASCENSION.104102"
            />
            <div
              style="background-image: url("/src/images/bg/background_Item_3_Star.png");"
            >
              <img
                alt="Brilliant Diamond Fragment"
                data-testid="image"
                height="75"
                src="https://gi.yatta.moe/assets/UI/UI_ItemIcon_104102.png"
                width="75"
              />
            </div>
            <span>
              Brilliant Diamond Fragment
            </span>
          </label>
          <label
            aria-disabled="false"
            class="css-4wqkks"
            data-testid="ItemPicker104103"
            title="Brilliant Diamond Chunk"
          >
            <input
              name="item"
              type="radio"
              value="ASCENSION.104103"
            />
            <div
              style="background-image: url("/src/images/bg/background_Item_4_Star.png");"
            >
              <img
                alt="Brilliant Diamond Chunk"
                data-testid="image"
                height="75"
                src="https://gi.yatta.moe/assets/UI/UI_ItemIcon_104103.png"
                width="75"
              />
            </div>
            <span>
              Brilliant Diamond Chunk
            </span>
          </label>
          <label
            aria-disabled="false"
            class="css-4wqkks"
            data-testid="ItemPicker104104"
            title="Brilliant Diamond Gemstone"
          >
            <input
              name="item"
              type="radio"
              value="ASCENSION.104104"
            />
            <div
              style="background-image: url("/src/images/bg/background_Item_5_Star.png");"
            >
              <img
                alt="Brilliant Diamond Gemstone"
                data-testid="image"
                height="75"
                src="https://gi.yatta.moe/assets/UI/UI_ItemIcon_104104.png"
                width="75"
              />
            </div>
            <span>
              Brilliant Diamond Gemstone
            </span>
          </label>
          <label />
          <label />
          <label />
          <label />
        </fieldset>
        <fieldset
          role="group"
        >
          <legend>
            Character Level-Up
          </legend>
          <label
            aria-disabled="false"
            class="css-4wqkks"
            data-testid="ItemPicker113001"
            title="Hurricane Seed"
          >
            <input
              name="item"
              type="radio"
              value="LEVEL.113001"
            />
            <div
              style="background-image: url("/src/images/bg/background_Item_4_Star.png");"
            >
              <img
                alt="Hurricane Seed"
                data-testid="image"
                height="75"
                src="https://gi.yatta.moe/assets/UI/UI_ItemIcon_113001.png"
                width="75"
              />
            </div>
            <span>
              Hurricane Seed
            </span>
          </label>
          <label
            aria-disabled="false"
            class="css-4wqkks"
            data-testid="ItemPicker113002"
            title="Lightning Prism"
          >
            <input
              name="item"
              type="radio"
              value="LEVEL.113002"
            />
            <div
              style="background-image: url("/src/images/bg/background_Item_4_Star.png");"
            >
              <img
                alt="Lightning Prism"
                data-testid="image"
                height="75"
                src="https://gi.yatta.moe/assets/UI/UI_ItemIcon_113002.png"
                width="75"
              />
            </div>
            <span>
              Lightning Prism
            </span>
          </label>
          <label
            aria-disabled="false"
            class="css-4wqkks"
            data-testid="ItemPicker113003"
            title="Dvalin's Plume"
          >
            <input
              name="item"
              type="radio"
              value="LEVEL.113003"
            />
            <div
              style="background-image: url("/src/images/bg/background_Item_5_Star.png");"
            >
              <img
                alt="Dvalin's Plume"
                data-testid="image"
                height="75"
                src="https://gi.yatta.moe/assets/UI/UI_ItemIcon_113003.png"
                width="75"
              />
            </div>
            <span>
              Dvalin's Plume
            </span>
          </label>
          <label
            aria-disabled="false"
            class="css-4wqkks"
            data-testid="ItemPicker113004"
            title="Dvalin's Claw"
          >
            <input
              name="item"
              type="radio"
              value="LEVEL.113004"
            />
            <div
              style="background-image: url("/src/images/bg/background_Item_5_Star.png");"
            >
              <img
                alt="Dvalin's Claw"
                data-testid="image"
                height="75"
                src="https://gi.yatta.moe/assets/UI/UI_ItemIcon_113004.png"
                width="75"
              />
            </div>
            <span>
              Dvalin's Claw
            </span>
          </label>
          <label
            aria-disabled="false"
            class="css-4wqkks"
            data-testid="ItemPicker113005"
            title="Dvalin's Sigh"
          >
            <input
              name="item"
              type="radio"
              value="LEVEL.113005"
            />
            <div
              style="background-image: url("/src/images/bg/background_Item_5_Star.png");"
            >
              <img
                alt="Dvalin's Sigh"
                data-testid="image"
                height="75"
                src="https://gi.yatta.moe/assets/UI/UI_ItemIcon_113005.png"
                width="75"
              />
            </div>
            <span>
              Dvalin's Sigh
            </span>
          </label>
          <label
            aria-disabled="false"
            class="css-4wqkks"
            data-testid="ItemPicker113056"
            title="Lightless Mass"
          >
            <input
              name="item"
              type="radio"
              value="LEVEL.113056"
            />
            <div
              style="background-image: url("/src/images/bg/background_Item_5_Star.png");"
            >
              <img
                alt="Lightless Mass"
                data-testid="image"
                height="75"
                src="https://gi.yatta.moe/assets/UI/UI_ItemIcon_113056.png"
                width="75"
              />
            </div>
            <span>
              Lightless Mass
            </span>
          </label>
          <label
            aria-disabled="false"
            class="css-4wqkks"
            data-testid="ItemPicker113057"
            title="Water That Failed To Transcend"
          >
            <input
              name="item"
              type="radio"
              value="LEVEL.113057"
            />
            <div
              style="background-image: url("/src/images/bg/background_Item_4_Star.png");"
            >
              <img
                alt="Water That Failed To Transcend"
                data-testid="image"
                height="75"
                src="https://gi.yatta.moe/assets/UI/UI_ItemIcon_113057.png"
                width="75"
              />
            </div>
            <span>
              Water That Failed To Transcend
            </span>
          </label>
          <label />
          <label />
          <label />
          <label />
        </fieldset>
        <fieldset
          role="group"
        >
          <legend>
            Local Specialties
          </legend>
          <label
            aria-disabled="false"
            class="css-4wqkks"
            data-testid="ItemPicker100021"
            title="Wolfhook"
          >
            <input
              name="item"
              type="radio"
              value="LOCAL.100021"
            />
            <div
              style="background-image: url("/src/images/bg/background_Item_1_Star.png");"
            >
              <img
                alt="Wolfhook"
                data-testid="image"
                height="75"
                src="https://gi.yatta.moe/assets/UI/UI_ItemIcon_100021.png"
                width="75"
              />
            </div>
            <span>
              Wolfhook
            </span>
          </label>
          <label
            aria-disabled="false"
            class="css-4wqkks"
            data-testid="ItemPicker100022"
            title="Valberry"
          >
            <input
              name="item"
              type="radio"
              value="LOCAL.100022"
            />
            <div
              style="background-image: url("/src/images/bg/background_Item_1_Star.png");"
            >
              <img
                alt="Valberry"
                data-testid="image"
                height="75"
                src="https://gi.yatta.moe/assets/UI/UI_ItemIcon_100022.png"
                width="75"
              />
            </div>
            <span>
              Valberry
            </span>
          </label>
          <label
            aria-disabled="false"
            class="css-4wqkks"
            data-testid="ItemPicker101239"
            title="Subdetection Unit"
          >
            <input
              name="item"
              type="radio"
              value="LOCAL.101239"
            />
            <div
              style="background-image: url("/src/images/bg/background_Item_1_Star.png");"
            >
              <img
                alt="Subdetection Unit"
                data-testid="image"
                height="75"
                src="https://gi.yatta.moe/assets/UI/UI_ItemIcon_101239.png"
                width="75"
              />
            </div>
            <span>
              Subdetection Unit
            </span>
          </label>
          <label
            aria-disabled="false"
            class="css-4wqkks"
            data-testid="ItemPicker101240"
            title="Spring of the First Dewdrop"
          >
            <input
              name="item"
              type="radio"
              value="LOCAL.101240"
            />
            <div
              style="background-image: url("/src/images/bg/background_Item_1_Star.png");"
            >
              <img
                alt="Spring of the First Dewdrop"
                data-testid="image"
                height="75"
                src="https://gi.yatta.moe/assets/UI/UI_ItemIcon_101240.png"
                width="75"
              />
            </div>
            <span>
              Spring of the First Dewdrop
            </span>
          </label>
          <label />
          <label />
          <label />
          <label />
        </fieldset>
        <fieldset
          role="group"
        >
          <legend>
            Fish
          </legend>
          <label
            aria-disabled="false"
            class="css-4wqkks"
            data-testid="ItemPicker131000"
            title="Medaka"
          >
            <input
              name="item"
              type="radio"
              value="FISH.131000"
            />
            <div
              style="background-image: url("/src/images/bg/background_Item_3_Star.png");"
            >
              <img
                alt="Medaka"
                data-testid="image"
                height="75"
                src="https://gi.yatta.moe/assets/UI/UI_ItemIcon_131000.png"
                width="75"
              />
            </div>
            <span>
              Medaka
            </span>
          </label>
          <label
            aria-disabled="false"
            class="css-4wqkks"
            data-testid="ItemPicker131001"
            title="Glaze Medaka"
          >
            <input
              name="item"
              type="radio"
              value="FISH.131001"
            />
            <div
              style="background-image: url("/src/images/bg/background_Item_3_Star.png");"
            >
              <img
                alt="Glaze Medaka"
                data-testid="image"
                height="75"
                src="https://gi.yatta.moe/assets/UI/UI_ItemIcon_131001.png"
                width="75"
              />
            </div>
            <span>
              Glaze Medaka
            </span>
          </label>
          <label
            aria-disabled="false"
            class="css-4wqkks"
            data-testid="ItemPicker131002"
            title="Sweet-Flower Medaka"
          >
            <input
              name="item"
              type="radio"
              value="FISH.131002"
            />
            <div
              style="background-image: url("/src/images/bg/background_Item_3_Star.png");"
            >
              <img
                alt="Sweet-Flower Medaka"
                data-testid="image"
                height="75"
                src="https://gi.yatta.moe/assets/UI/UI_ItemIcon_131002.png"
                width="75"
              />
            </div>
            <span>
              Sweet-Flower Medaka
            </span>
          </label>
          <label
            aria-disabled="false"
            class="css-4wqkks"
            data-testid="ItemPicker131036"
            title="Maintenance Mek: Gold Leader"
          >
            <input
              name="item"
              type="radio"
              value="FISH.131036"
            />
            <div
              style="background-image: url("/src/images/bg/background_Item_3_Star.png");"
            >
              <img
                alt="Maintenance Mek: Gold Leader"
                data-testid="image"
                height="75"
                src="https://gi.yatta.moe/assets/UI/UI_ItemIcon_131036.png"
                width="75"
              />
            </div>
            <span>
              Maintenance Mek: Gold Leader
            </span>
          </label>
          <label
            aria-disabled="false"
            class="css-4wqkks"
            data-testid="ItemPicker131046"
            title="Common Axehead Fish"
          >
            <input
              name="item"
              type="radio"
              value="FISH.131046"
            />
            <div
              style="background-image: url("/src/images/bg/background_Item_1_Star.png");"
            >
              <img
                alt="Common Axehead Fish"
                data-testid="image"
                height="75"
                src="https://gi.yatta.moe/assets/UI/UI_ItemIcon_131046.png"
                width="75"
              />
            </div>
            <span>
              Common Axehead Fish
            </span>
          </label>
          <label
            aria-disabled="false"
            class="css-4wqkks"
            data-testid="ItemPicker131047"
            title="Veggie Mauler Shark"
          >
            <input
              name="item"
              type="radio"
              value="FISH.131047"
            />
            <div
              style="background-image: url("/src/images/bg/background_Item_1_Star.png");"
            >
              <img
                alt="Veggie Mauler Shark"
                data-testid="image"
                height="75"
                src="https://gi.yatta.moe/assets/UI/UI_ItemIcon_131047.png"
                width="75"
              />
            </div>
            <span>
              Veggie Mauler Shark
            </span>
          </label>
          <label
            aria-disabled="false"
            class="css-4wqkks"
            data-testid="ItemPicker131048"
            title="Medaka"
          >
            <input
              name="item"
              type="radio"
              value="FISH.131048"
            />
            <div
              style="background-image: url("/src/images/bg/background_Item_1_Star.png");"
            >
              <img
                alt="Medaka"
                data-testid="image"
                height="75"
                src="https://gi.yatta.moe/assets/UI/UI_ItemIcon_131048.png"
                width="75"
              />
            </div>
            <span>
              Medaka
            </span>
          </label>
          <label />
          <label />
          <label />
          <label />
        </fieldset>
        <fieldset
          role="group"
        >
          <legend>
            Wood
          </legend>
          <label
            aria-disabled="false"
            class="css-4wqkks"
            data-testid="ItemPicker101301"
            title="Birch Wood"
          >
            <input
              name="item"
              type="radio"
              value="WOOD.101301"
            />
            <div
              style="background-image: url("/src/images/bg/background_Item_1_Star.png");"
            >
              <img
                alt="Birch Wood"
                data-testid="image"
                height="75"
                src="https://gi.yatta.moe/assets/UI/UI_ItemIcon_101301.png"
                width="75"
              />
            </div>
            <span>
              Birch Wood
            </span>
          </label>
          <label
            aria-disabled="false"
            class="css-4wqkks"
            data-testid="ItemPicker101322"
            title="Torch Wood"
          >
            <input
              name="item"
              type="radio"
              value="WOOD.101322"
            />
            <div
              style="background-image: url("/src/images/bg/background_Item_1_Star.png");"
            >
              <img
                alt="Torch Wood"
                data-testid="image"
                height="75"
                src="https://gi.yatta.moe/assets/UI/UI_ItemIcon_101322.png"
                width="75"
              />
            </div>
            <span>
              Torch Wood
            </span>
          </label>
          <label />
          <label />
          <label />
          <label />
        </fieldset>
        <fieldset
          role="group"
        >
          <legend>
            Building Materials
          </legend>
          <label
            aria-disabled="false"
            class="css-4wqkks"
            data-testid="ItemPicker101001"
            title="Iron Chunk"
          >
            <input
              name="item"
              type="radio"
              value="BUILDING.101001"
            />
            <div
              style="background-image: url("/src/images/bg/background_Item_1_Star.png");"
            >
              <img
                alt="Iron Chunk"
                data-testid="image"
                height="75"
                src="https://gi.yatta.moe/assets/UI/UI_ItemIcon_101001.png"
                width="75"
              />
            </div>
            <span>
              Iron Chunk
            </span>
          </label>
          <label
            aria-disabled="false"
            class="css-4wqkks"
            data-testid="ItemPicker101002"
            title="White Iron Chunk"
          >
            <input
              name="item"
              type="radio"
              value="BUILDING.101002"
            />
            <div
              style="background-image: url("/src/images/bg/background_Item_1_Star.png");"
            >
              <img
                alt="White Iron Chunk"
                data-testid="image"
                height="75"
                src="https://gi.yatta.moe/assets/UI/UI_ItemIcon_101002.png"
                width="75"
              />
            </div>
            <span>
              White Iron Chunk
            </span>
          </label>
          <label />
          <label />
          <label />
          <label />
        </fieldset>
      </form>
    </div>
  </body>,
  "container": <div>
    <form
      class="css-rug5du"
    >
      <h3>
        Direct Item Tracking
      </h3>
      <fieldset
        class="narrow"
        role="group"
      >
        <legend>
          Character Talent
        </legend>
        <label
          aria-disabled="false"
          class="css-4wqkks"
          data-testid="ItemPicker104301"
          title="Teachings of Freedom"
        >
          <input
            name="item"
            type="radio"
            value="TALENT.104301"
          />
          <div
            style="background-image: url("/src/images/bg/background_Item_2_Star.png");"
          >
            <img
              alt="Teachings of Freedom"
              data-testid="image"
              height="75"
              src="https://gi.yatta.moe/assets/UI/UI_ItemIcon_104301.png"
              width="75"
            />
          </div>
          <span>
            Teachings of Freedom
          </span>
        </label>
        <label
          aria-disabled="false"
          class="css-4wqkks"
          data-testid="ItemPicker104302"
          title="Guide to Freedom"
        >
          <input
            name="item"
            type="radio"
            value="TALENT.104302"
          />
          <div
            style="background-image: url("/src/images/bg/background_Item_3_Star.png");"
          >
            <img
              alt="Guide to Freedom"
              data-testid="image"
              height="75"
              src="https://gi.yatta.moe/assets/UI/UI_ItemIcon_104302.png"
              width="75"
            />
          </div>
          <span>
            Guide to Freedom
          </span>
        </label>
        <label
          aria-disabled="false"
          class="css-4wqkks"
          data-testid="ItemPicker104303"
          title="Philosophies of Freedom"
        >
          <input
            name="item"
            type="radio"
            value="TALENT.104303"
          />
          <div
            style="background-image: url("/src/images/bg/background_Item_4_Star.png");"
          >
            <img
              alt="Philosophies of Freedom"
              data-testid="image"
              height="75"
              src="https://gi.yatta.moe/assets/UI/UI_ItemIcon_104303.png"
              width="75"
            />
          </div>
          <span>
            Philosophies of Freedom
          </span>
        </label>
        <label
          aria-disabled="false"
          class="css-4wqkks"
          data-testid="ItemPicker104344"
          title="Teachings of Order"
        >
          <input
            name="item"
            type="radio"
            value="TALENT.104344"
          />
          <div
            style="background-image: url("/src/images/bg/background_Item_2_Star.png");"
          >
            <img
              alt="Teachings of Order"
              data-testid="image"
              height="75"
              src="https://gi.yatta.moe/assets/UI/UI_ItemIcon_104344.png"
              width="75"
            />
          </div>
          <span>
            Teachings of Order
          </span>
        </label>
        <label
          aria-disabled="false"
          class="css-4wqkks"
          data-testid="ItemPicker104345"
          title="Guide to Order"
        >
          <input
            name="item"
            type="radio"
            value="TALENT.104345"
          />
          <div
            style="background-image: url("/src/images/bg/background_Item_3_Star.png");"
          >
            <img
              alt="Guide to Order"
              data-testid="image"
              height="75"
              src="https://gi.yatta.moe/assets/UI/UI_ItemIcon_104345.png"
              width="75"
            />
          </div>
          <span>
            Guide to Order
          </span>
        </label>
        <label
          aria-disabled="false"
          class="css-4wqkks"
          data-testid="ItemPicker104346"
          title="Philosophies of Order"
        >
          <input
            name="item"
            type="radio"
            value="TALENT.104346"
          />
          <div
            style="background-image: url("/src/images/bg/background_Item_4_Star.png");"
          >
            <img
              alt="Philosophies of Order"
              data-testid="image"
              height="75"
              src="https://gi.yatta.moe/assets/UI/UI_ItemIcon_104346.png"
              width="75"
            />
          </div>
          <span>
            Philosophies of Order
          </span>
        </label>
        <label />
        <label />
        <label />
        <label />
      </fieldset>
      <fieldset
        class="narrow"
        role="group"
      >
        <legend>
          Weapon Ascension
        </legend>
        <label
          aria-disabled="false"
          class="css-4wqkks"
          data-testid="ItemPicker114001"
          title="Tile of Decarabian's Tower"
        >
          <input
            name="item"
            type="radio"
            value="WEAPON.114001"
          />
          <div
            style="background-image: url("/src/images/bg/background_Item_2_Star.png");"
          >
            <img
              alt="Tile of Decarabian's Tower"
              data-testid="image"
              height="75"
              src="https://gi.yatta.moe/assets/UI/UI_ItemIcon_114001.png"
              width="75"
            />
          </div>
          <span>
            Tile of Decarabian's Tower
          </span>
        </label>
        <label
          aria-disabled="false"
          class="css-4wqkks"
          data-testid="ItemPicker114002"
          title="Debris of Decarabian's City"
        >
          <input
            name="item"
            type="radio"
            value="WEAPON.114002"
          />
          <div
            style="background-image: url("/src/images/bg/background_Item_3_Star.png");"
          >
            <img
              alt="Debris of Decarabian's City"
              data-testid="image"
              height="75"
              src="https://gi.yatta.moe/assets/UI/UI_ItemIcon_114002.png"
              width="75"
            />
          </div>
          <span>
            Debris of Decarabian's City
          </span>
        </label>
        <label
          aria-disabled="false"
          class="css-4wqkks"
          data-testid="ItemPicker114003"
          title="Fragment of Decarabian's Epic"
        >
          <input
            name="item"
            type="radio"
            value="WEAPON.114003"
          />
          <div
            style="background-image: url("/src/images/bg/background_Item_4_Star.png");"
          >
            <img
              alt="Fragment of Decarabian's Epic"
              data-testid="image"
              height="75"
              src="https://gi.yatta.moe/assets/UI/UI_ItemIcon_114003.png"
              width="75"
            />
          </div>
          <span>
            Fragment of Decarabian's Epic
          </span>
        </label>
        <label
          aria-disabled="false"
          class="css-4wqkks"
          data-testid="ItemPicker114004"
          title="Scattered Piece of Decarabian's Dream"
        >
          <input
            name="item"
            type="radio"
            value="WEAPON.114004"
          />
          <div
            style="background-image: url("/src/images/bg/background_Item_5_Star.png");"
          >
            <img
              alt="Scattered Piece of Decarabian's Dream"
              data-testid="image"
              height="75"
              src="https://gi.yatta.moe/assets/UI/UI_ItemIcon_114004.png"
              width="75"
            />
          </div>
          <span>
            Scattered Piece of Decarabian's Dream
          </span>
        </label>
        <label
          aria-disabled="false"
          class="css-4wqkks"
          data-testid="ItemPicker114057"
          title="Broken Goblet of the Pristine Sea"
        >
          <input
            name="item"
            type="radio"
            value="WEAPON.114057"
          />
          <div
            style="background-image: url("/src/images/bg/background_Item_2_Star.png");"
          >
            <img
              alt="Broken Goblet of the Pristine Sea"
              data-testid="image"
              height="75"
              src="https://gi.yatta.moe/assets/UI/UI_ItemIcon_114057.png"
              width="75"
            />
          </div>
          <span>
            Broken Goblet of the Pristine Sea
          </span>
        </label>
        <label
          aria-disabled="false"
          class="css-4wqkks"
          data-testid="ItemPicker114058"
          title="Wine Goblet of the Pristine Sea"
        >
          <input
            name="item"
            type="radio"
            value="WEAPON.114058"
          />
          <div
            style="background-image: url("/src/images/bg/background_Item_3_Star.png");"
          >
            <img
              alt="Wine Goblet of the Pristine Sea"
              data-testid="image"
              height="75"
              src="https://gi.yatta.moe/assets/UI/UI_ItemIcon_114058.png"
              width="75"
            />
          </div>
          <span>
            Wine Goblet of the Pristine Sea
          </span>
        </label>
        <label
          aria-disabled="false"
          class="css-4wqkks"
          data-testid="ItemPicker114059"
          title="Silver Goblet of the Pristine Sea"
        >
          <input
            name="item"
            type="radio"
            value="WEAPON.114059"
          />
          <div
            style="background-image: url("/src/images/bg/background_Item_4_Star.png");"
          >
            <img
              alt="Silver Goblet of the Pristine Sea"
              data-testid="image"
              height="75"
              src="https://gi.yatta.moe/assets/UI/UI_ItemIcon_114059.png"
              width="75"
            />
          </div>
          <span>
            Silver Goblet of the Pristine Sea
          </span>
        </label>
        <label
          aria-disabled="false"
          class="css-4wqkks"
          data-testid="ItemPicker114060"
          title="Golden Goblet of the Pristine Sea"
        >
          <input
            name="item"
            type="radio"
            value="WEAPON.114060"
          />
          <div
            style="background-image: url("/src/images/bg/background_Item_5_Star.png");"
          >
            <img
              alt="Golden Goblet of the Pristine Sea"
              data-testid="image"
              height="75"
              src="https://gi.yatta.moe/assets/UI/UI_ItemIcon_114060.png"
              width="75"
            />
          </div>
          <span>
            Golden Goblet of the Pristine Sea
          </span>
        </label>
        <label />
        <label />
        <label />
        <label />
      </fieldset>
      <fieldset
        role="group"
      >
        <legend>
          Character and Weapon Enhancement
        </legend>
        <label
          aria-disabled="false"
          class="css-4wqkks"
          data-testid="ItemPicker112002"
          title="Slime Condensate"
        >
          <input
            name="item"
            type="radio"
            value="ENHANCEMENT.112002"
          />
          <div
            style="background-image: url("/src/images/bg/background_Item_1_Star.png");"
          >
            <img
              alt="Slime Condensate"
              data-testid="image"
              height="75"
              src="https://gi.yatta.moe/assets/UI/UI_ItemIcon_112002.png"
              width="75"
            />
          </div>
          <span>
            Slime Condensate
          </span>
        </label>
        <label
          aria-disabled="false"
          class="css-4wqkks"
          data-testid="ItemPicker112003"
          title="Slime Secretions"
        >
          <input
            name="item"
            type="radio"
            value="ENHANCEMENT.112003"
          />
          <div
            style="background-image: url("/src/images/bg/background_Item_2_Star.png");"
          >
            <img
              alt="Slime Secretions"
              data-testid="image"
              height="75"
              src="https://gi.yatta.moe/assets/UI/UI_ItemIcon_112003.png"
              width="75"
            />
          </div>
          <span>
            Slime Secretions
          </span>
        </label>
        <label
          aria-disabled="false"
          class="css-4wqkks"
          data-testid="ItemPicker112004"
          title="Slime Concentrate"
        >
          <input
            name="item"
            type="radio"
            value="ENHANCEMENT.112004"
          />
          <div
            style="background-image: url("/src/images/bg/background_Item_3_Star.png");"
          >
            <img
              alt="Slime Concentrate"
              data-testid="image"
              height="75"
              src="https://gi.yatta.moe/assets/UI/UI_ItemIcon_112004.png"
              width="75"
            />
          </div>
          <span>
            Slime Concentrate
          </span>
        </label>
        <label
          aria-disabled="false"
          class="css-4wqkks"
          data-testid="ItemPicker112092"
          title="Old Operative's Pocket Watch"
        >
          <input
            name="item"
            type="radio"
            value="ENHANCEMENT.112092"
          />
          <div
            style="background-image: url("/src/images/bg/background_Item_2_Star.png");"
          >
            <img
              alt="Old Operative's Pocket Watch"
              data-testid="image"
              height="75"
              src="https://gi.yatta.moe/assets/UI/UI_ItemIcon_112092.png"
              width="75"
            />
          </div>
          <span>
            Old Operative's Pocket Watch
          </span>
        </label>
        <label
          aria-disabled="false"
          class="css-4wqkks"
          data-testid="ItemPicker112093"
          title="Operative's Standard Pocket Watch"
        >
          <input
            name="item"
            type="radio"
            value="ENHANCEMENT.112093"
          />
          <div
            style="background-image: url("/src/images/bg/background_Item_3_Star.png");"
          >
            <img
              alt="Operative's Standard Pocket Watch"
              data-testid="image"
              height="75"
              src="https://gi.yatta.moe/assets/UI/UI_ItemIcon_112093.png"
              width="75"
            />
          </div>
          <span>
            Operative's Standard Pocket Watch
          </span>
        </label>
        <label
          aria-disabled="false"
          class="css-4wqkks"
          data-testid="ItemPicker112094"
          title="Operative's Constancy"
        >
          <input
            name="item"
            type="radio"
            value="ENHANCEMENT.112094"
          />
          <div
            style="background-image: url("/src/images/bg/background_Item_4_Star.png");"
          >
            <img
              alt="Operative's Constancy"
              data-testid="image"
              height="75"
              src="https://gi.yatta.moe/assets/UI/UI_ItemIcon_112094.png"
              width="75"
            />
          </div>
          <span>
            Operative's Constancy
          </span>
        </label>
        <label />
        <label />
        <label />
        <label />
      </fieldset>
      <fieldset
        role="group"
      >
        <legend>
          Character Ascension
        </legend>
        <label
          aria-disabled="false"
          class="css-4wqkks"
          data-testid="ItemPicker104101"
          title="Brilliant Diamond Sliver"
        >
          <input
            name="item"
            type="radio"
            value="ASCENSION.104101"
          />
          <div
            style="background-image: url("/src/images/bg/background_Item_2_Star.png");"
          >
            <img
              alt="Brilliant Diamond Sliver"
              data-testid="image"
              height="75"
              src="https://gi.yatta.moe/assets/UI/UI_ItemIcon_104101.png"
              width="75"
            />
          </div>
          <span>
            Brilliant Diamond Sliver
          </span>
        </label>
        <label
          aria-disabled="false"
          class="css-4wqkks"
          data-testid="ItemPicker104102"
          title="Brilliant Diamond Fragment"
        >
          <input
            name="item"
            type="radio"
            value="ASCENSION.104102"
          />
          <div
            style="background-image: url("/src/images/bg/background_Item_3_Star.png");"
          >
            <img
              alt="Brilliant Diamond Fragment"
              data-testid="image"
              height="75"
              src="https://gi.yatta.moe/assets/UI/UI_ItemIcon_104102.png"
              width="75"
            />
          </div>
          <span>
            Brilliant Diamond Fragment
          </span>
        </label>
        <label
          aria-disabled="false"
          class="css-4wqkks"
          data-testid="ItemPicker104103"
          title="Brilliant Diamond Chunk"
        >
          <input
            name="item"
            type="radio"
            value="ASCENSION.104103"
          />
          <div
            style="background-image: url("/src/images/bg/background_Item_4_Star.png");"
          >
            <img
              alt="Brilliant Diamond Chunk"
              data-testid="image"
              height="75"
              src="https://gi.yatta.moe/assets/UI/UI_ItemIcon_104103.png"
              width="75"
            />
          </div>
          <span>
            Brilliant Diamond Chunk
          </span>
        </label>
        <label
          aria-disabled="false"
          class="css-4wqkks"
          data-testid="ItemPicker104104"
          title="Brilliant Diamond Gemstone"
        >
          <input
            name="item"
            type="radio"
            value="ASCENSION.104104"
          />
          <div
            style="background-image: url("/src/images/bg/background_Item_5_Star.png");"
          >
            <img
              alt="Brilliant Diamond Gemstone"
              data-testid="image"
              height="75"
              src="https://gi.yatta.moe/assets/UI/UI_ItemIcon_104104.png"
              width="75"
            />
          </div>
          <span>
            Brilliant Diamond Gemstone
          </span>
        </label>
        <label />
        <label />
        <label />
        <label />
      </fieldset>
      <fieldset
        role="group"
      >
        <legend>
          Character Level-Up
        </legend>
        <label
          aria-disabled="false"
          class="css-4wqkks"
          data-testid="ItemPicker113001"
          title="Hurricane Seed"
        >
          <input
            name="item"
            type="radio"
            value="LEVEL.113001"
          />
          <div
            style="background-image: url("/src/images/bg/background_Item_4_Star.png");"
          >
            <img
              alt="Hurricane Seed"
              data-testid="image"
              height="75"
              src="https://gi.yatta.moe/assets/UI/UI_ItemIcon_113001.png"
              width="75"
            />
          </div>
          <span>
            Hurricane Seed
          </span>
        </label>
        <label
          aria-disabled="false"
          class="css-4wqkks"
          data-testid="ItemPicker113002"
          title="Lightning Prism"
        >
          <input
            name="item"
            type="radio"
            value="LEVEL.113002"
          />
          <div
            style="background-image: url("/src/images/bg/background_Item_4_Star.png");"
          >
            <img
              alt="Lightning Prism"
              data-testid="image"
              height="75"
              src="https://gi.yatta.moe/assets/UI/UI_ItemIcon_113002.png"
              width="75"
            />
          </div>
          <span>
            Lightning Prism
          </span>
        </label>
        <label
          aria-disabled="false"
          class="css-4wqkks"
          data-testid="ItemPicker113003"
          title="Dvalin's Plume"
        >
          <input
            name="item"
            type="radio"
            value="LEVEL.113003"
          />
          <div
            style="background-image: url("/src/images/bg/background_Item_5_Star.png");"
          >
            <img
              alt="Dvalin's Plume"
              data-testid="image"
              height="75"
              src="https://gi.yatta.moe/assets/UI/UI_ItemIcon_113003.png"
              width="75"
            />
          </div>
          <span>
            Dvalin's Plume
          </span>
        </label>
        <label
          aria-disabled="false"
          class="css-4wqkks"
          data-testid="ItemPicker113004"
          title="Dvalin's Claw"
        >
          <input
            name="item"
            type="radio"
            value="LEVEL.113004"
          />
          <div
            style="background-image: url("/src/images/bg/background_Item_5_Star.png");"
          >
            <img
              alt="Dvalin's Claw"
              data-testid="image"
              height="75"
              src="https://gi.yatta.moe/assets/UI/UI_ItemIcon_113004.png"
              width="75"
            />
          </div>
          <span>
            Dvalin's Claw
          </span>
        </label>
        <label
          aria-disabled="false"
          class="css-4wqkks"
          data-testid="ItemPicker113005"
          title="Dvalin's Sigh"
        >
          <input
            name="item"
            type="radio"
            value="LEVEL.113005"
          />
          <div
            style="background-image: url("/src/images/bg/background_Item_5_Star.png");"
          >
            <img
              alt="Dvalin's Sigh"
              data-testid="image"
              height="75"
              src="https://gi.yatta.moe/assets/UI/UI_ItemIcon_113005.png"
              width="75"
            />
          </div>
          <span>
            Dvalin's Sigh
          </span>
        </label>
        <label
          aria-disabled="false"
          class="css-4wqkks"
          data-testid="ItemPicker113056"
          title="Lightless Mass"
        >
          <input
            name="item"
            type="radio"
            value="LEVEL.113056"
          />
          <div
            style="background-image: url("/src/images/bg/background_Item_5_Star.png");"
          >
            <img
              alt="Lightless Mass"
              data-testid="image"
              height="75"
              src="https://gi.yatta.moe/assets/UI/UI_ItemIcon_113056.png"
              width="75"
            />
          </div>
          <span>
            Lightless Mass
          </span>
        </label>
        <label
          aria-disabled="false"
          class="css-4wqkks"
          data-testid="ItemPicker113057"
          title="Water That Failed To Transcend"
        >
          <input
            name="item"
            type="radio"
            value="LEVEL.113057"
          />
          <div
            style="background-image: url("/src/images/bg/background_Item_4_Star.png");"
          >
            <img
              alt="Water That Failed To Transcend"
              data-testid="image"
              height="75"
              src="https://gi.yatta.moe/assets/UI/UI_ItemIcon_113057.png"
              width="75"
            />
          </div>
          <span>
            Water That Failed To Transcend
          </span>
        </label>
        <label />
        <label />
        <label />
        <label />
      </fieldset>
      <fieldset
        role="group"
      >
        <legend>
          Local Specialties
        </legend>
        <label
          aria-disabled="false"
          class="css-4wqkks"
          data-testid="ItemPicker100021"
          title="Wolfhook"
        >
          <input
            name="item"
            type="radio"
            value="LOCAL.100021"
          />
          <div
            style="background-image: url("/src/images/bg/background_Item_1_Star.png");"
          >
            <img
              alt="Wolfhook"
              data-testid="image"
              height="75"
              src="https://gi.yatta.moe/assets/UI/UI_ItemIcon_100021.png"
              width="75"
            />
          </div>
          <span>
            Wolfhook
          </span>
        </label>
        <label
          aria-disabled="false"
          class="css-4wqkks"
          data-testid="ItemPicker100022"
          title="Valberry"
        >
          <input
            name="item"
            type="radio"
            value="LOCAL.100022"
          />
          <div
            style="background-image: url("/src/images/bg/background_Item_1_Star.png");"
          >
            <img
              alt="Valberry"
              data-testid="image"
              height="75"
              src="https://gi.yatta.moe/assets/UI/UI_ItemIcon_100022.png"
              width="75"
            />
          </div>
          <span>
            Valberry
          </span>
        </label>
        <label
          aria-disabled="false"
          class="css-4wqkks"
          data-testid="ItemPicker101239"
          title="Subdetection Unit"
        >
          <input
            name="item"
            type="radio"
            value="LOCAL.101239"
          />
          <div
            style="background-image: url("/src/images/bg/background_Item_1_Star.png");"
          >
            <img
              alt="Subdetection Unit"
              data-testid="image"
              height="75"
              src="https://gi.yatta.moe/assets/UI/UI_ItemIcon_101239.png"
              width="75"
            />
          </div>
          <span>
            Subdetection Unit
          </span>
        </label>
        <label
          aria-disabled="false"
          class="css-4wqkks"
          data-testid="ItemPicker101240"
          title="Spring of the First Dewdrop"
        >
          <input
            name="item"
            type="radio"
            value="LOCAL.101240"
          />
          <div
            style="background-image: url("/src/images/bg/background_Item_1_Star.png");"
          >
            <img
              alt="Spring of the First Dewdrop"
              data-testid="image"
              height="75"
              src="https://gi.yatta.moe/assets/UI/UI_ItemIcon_101240.png"
              width="75"
            />
          </div>
          <span>
            Spring of the First Dewdrop
          </span>
        </label>
        <label />
        <label />
        <label />
        <label />
      </fieldset>
      <fieldset
        role="group"
      >
        <legend>
          Fish
        </legend>
        <label
          aria-disabled="false"
          class="css-4wqkks"
          data-testid="ItemPicker131000"
          title="Medaka"
        >
          <input
            name="item"
            type="radio"
            value="FISH.131000"
          />
          <div
            style="background-image: url("/src/images/bg/background_Item_3_Star.png");"
          >
            <img
              alt="Medaka"
              data-testid="image"
              height="75"
              src="https://gi.yatta.moe/assets/UI/UI_ItemIcon_131000.png"
              width="75"
            />
          </div>
          <span>
            Medaka
          </span>
        </label>
        <label
          aria-disabled="false"
          class="css-4wqkks"
          data-testid="ItemPicker131001"
          title="Glaze Medaka"
        >
          <input
            name="item"
            type="radio"
            value="FISH.131001"
          />
          <div
            style="background-image: url("/src/images/bg/background_Item_3_Star.png");"
          >
            <img
              alt="Glaze Medaka"
              data-testid="image"
              height="75"
              src="https://gi.yatta.moe/assets/UI/UI_ItemIcon_131001.png"
              width="75"
            />
          </div>
          <span>
            Glaze Medaka
          </span>
        </label>
        <label
          aria-disabled="false"
          class="css-4wqkks"
          data-testid="ItemPicker131002"
          title="Sweet-Flower Medaka"
        >
          <input
            name="item"
            type="radio"
            value="FISH.131002"
          />
          <div
            style="background-image: url("/src/images/bg/background_Item_3_Star.png");"
          >
            <img
              alt="Sweet-Flower Medaka"
              data-testid="image"
              height="75"
              src="https://gi.yatta.moe/assets/UI/UI_ItemIcon_131002.png"
              width="75"
            />
          </div>
          <span>
            Sweet-Flower Medaka
          </span>
        </label>
        <label
          aria-disabled="false"
          class="css-4wqkks"
          data-testid="ItemPicker131036"
          title="Maintenance Mek: Gold Leader"
        >
          <input
            name="item"
            type="radio"
            value="FISH.131036"
          />
          <div
            style="background-image: url("/src/images/bg/background_Item_3_Star.png");"
          >
            <img
              alt="Maintenance Mek: Gold Leader"
              data-testid="image"
              height="75"
              src="https://gi.yatta.moe/assets/UI/UI_ItemIcon_131036.png"
              width="75"
            />
          </div>
          <span>
            Maintenance Mek: Gold Leader
          </span>
        </label>
        <label
          aria-disabled="false"
          class="css-4wqkks"
          data-testid="ItemPicker131046"
          title="Common Axehead Fish"
        >
          <input
            name="item"
            type="radio"
            value="FISH.131046"
          />
          <div
            style="background-image: url("/src/images/bg/background_Item_1_Star.png");"
          >
            <img
              alt="Common Axehead Fish"
              data-testid="image"
              height="75"
              src="https://gi.yatta.moe/assets/UI/UI_ItemIcon_131046.png"
              width="75"
            />
          </div>
          <span>
            Common Axehead Fish
          </span>
        </label>
        <label
          aria-disabled="false"
          class="css-4wqkks"
          data-testid="ItemPicker131047"
          title="Veggie Mauler Shark"
        >
          <input
            name="item"
            type="radio"
            value="FISH.131047"
          />
          <div
            style="background-image: url("/src/images/bg/background_Item_1_Star.png");"
          >
            <img
              alt="Veggie Mauler Shark"
              data-testid="image"
              height="75"
              src="https://gi.yatta.moe/assets/UI/UI_ItemIcon_131047.png"
              width="75"
            />
          </div>
          <span>
            Veggie Mauler Shark
          </span>
        </label>
        <label
          aria-disabled="false"
          class="css-4wqkks"
          data-testid="ItemPicker131048"
          title="Medaka"
        >
          <input
            name="item"
            type="radio"
            value="FISH.131048"
          />
          <div
            style="background-image: url("/src/images/bg/background_Item_1_Star.png");"
          >
            <img
              alt="Medaka"
              data-testid="image"
              height="75"
              src="https://gi.yatta.moe/assets/UI/UI_ItemIcon_131048.png"
              width="75"
            />
          </div>
          <span>
            Medaka
          </span>
        </label>
        <label />
        <label />
        <label />
        <label />
      </fieldset>
      <fieldset
        role="group"
      >
        <legend>
          Wood
        </legend>
        <label
          aria-disabled="false"
          class="css-4wqkks"
          data-testid="ItemPicker101301"
          title="Birch Wood"
        >
          <input
            name="item"
            type="radio"
            value="WOOD.101301"
          />
          <div
            style="background-image: url("/src/images/bg/background_Item_1_Star.png");"
          >
            <img
              alt="Birch Wood"
              data-testid="image"
              height="75"
              src="https://gi.yatta.moe/assets/UI/UI_ItemIcon_101301.png"
              width="75"
            />
          </div>
          <span>
            Birch Wood
          </span>
        </label>
        <label
          aria-disabled="false"
          class="css-4wqkks"
          data-testid="ItemPicker101322"
          title="Torch Wood"
        >
          <input
            name="item"
            type="radio"
            value="WOOD.101322"
          />
          <div
            style="background-image: url("/src/images/bg/background_Item_1_Star.png");"
          >
            <img
              alt="Torch Wood"
              data-testid="image"
              height="75"
              src="https://gi.yatta.moe/assets/UI/UI_ItemIcon_101322.png"
              width="75"
            />
          </div>
          <span>
            Torch Wood
          </span>
        </label>
        <label />
        <label />
        <label />
        <label />
      </fieldset>
      <fieldset
        role="group"
      >
        <legend>
          Building Materials
        </legend>
        <label
          aria-disabled="false"
          class="css-4wqkks"
          data-testid="ItemPicker101001"
          title="Iron Chunk"
        >
          <input
            name="item"
            type="radio"
            value="BUILDING.101001"
          />
          <div
            style="background-image: url("/src/images/bg/background_Item_1_Star.png");"
          >
            <img
              alt="Iron Chunk"
              data-testid="image"
              height="75"
              src="https://gi.yatta.moe/assets/UI/UI_ItemIcon_101001.png"
              width="75"
            />
          </div>
          <span>
            Iron Chunk
          </span>
        </label>
        <label
          aria-disabled="false"
          class="css-4wqkks"
          data-testid="ItemPicker101002"
          title="White Iron Chunk"
        >
          <input
            name="item"
            type="radio"
            value="BUILDING.101002"
          />
          <div
            style="background-image: url("/src/images/bg/background_Item_1_Star.png");"
          >
            <img
              alt="White Iron Chunk"
              data-testid="image"
              height="75"
              src="https://gi.yatta.moe/assets/UI/UI_ItemIcon_101002.png"
              width="75"
            />
          </div>
          <span>
            White Iron Chunk
          </span>
        </label>
        <label />
        <label />
        <label />
        <label />
      </fieldset>
    </form>
  </div>,
  "debug": [Function],
  "findAllByAltText": [Function],
  "findAllByDisplayValue": [Function],
  "findAllByLabelText": [Function],
  "findAllByPlaceholderText": [Function],
  "findAllByRole": [Function],
  "findAllByTestId": [Function],
  "findAllByText": [Function],
  "findAllByTitle": [Function],
  "findByAltText": [Function],
  "findByDisplayValue": [Function],
  "findByLabelText": [Function],
  "findByPlaceholderText": [Function],
  "findByRole": [Function],
  "findByTestId": [Function],
  "findByText": [Function],
  "findByTitle": [Function],
  "getAllByAltText": [Function],
  "getAllByDisplayValue": [Function],
  "getAllByLabelText": [Function],
  "getAllByPlaceholderText": [Function],
  "getAllByRole": [Function],
  "getAllByTestId": [Function],
  "getAllByText": [Function],
  "getAllByTitle": [Function],
  "getByAltText": [Function],
  "getByDisplayValue": [Function],
  "getByLabelText": [Function],
  "getByPlaceholderText": [Function],
  "getByRole": [Function],
  "getByTestId": [Function],
  "getByText": [Function],
  "getByTitle": [Function],
  "queryAllByAltText": [Function],
  "queryAllByDisplayValue": [Function],
  "queryAllByLabelText": [Function],
  "queryAllByPlaceholderText": [Function],
  "queryAllByRole": [Function],
  "queryAllByTestId": [Function],
  "queryAllByText": [Function],
  "queryAllByTitle": [Function],
  "queryByAltText": [Function],
  "queryByDisplayValue": [Function],
  "queryByLabelText": [Function],
  "queryByPlaceholderText": [Function],
  "queryByRole": [Function],
  "queryByTestId": [Function],
  "queryByText": [Function],
  "queryByTitle": [Function],
  "rerender": [Function],
  "unmount": [Function],
}
`;
